// Jest Snapshot v1, https://goo.gl/fbAQLP

exports[`MemberProfile renders the same as the last snapshot 1`] = `
<div
  data-stylename="member-profile"
>
  <div
    data-stylename="header"
  >
    <div
      data-stylename="header-banner"
      style={
        Object {
          "backgroundImage": "url(http://www.axolotl.org/images/tiger/tiger_larva.jpg)",
        }
      }
    >
      <RoundImage
        data-stylename="header-member-avatar"
        url="https://www.gravatar.com/avatar/32f7ff34c3b5a8600b79be9a85a5c92f?d=mm&s=140"
        xlarge={true}
      />
      <h1
        data-stylename="header-member-name"
      >
        Rich Churcher
      </h1>
      <div
        data-stylename="header-member-location"
      >
        <Icon
          data-stylename="header-member-location-icon"
          name="Location"
        />
        Auckland, New Zealand
      </div>
    </div>
    <div
      data-stylename="action-icons"
    >
      <Icon
        data-stylename="action-icon-button"
        name="Letter"
        onClick={[Function]}
      />
      <MemberActionsMenu
        items={
          Array [
            Object {
              "hide": true,
              "icon": "Edit",
              "label": "Edit Profile Settings",
              "onClick": [Function],
            },
            Object {
              "hide": false,
              "icon": "Ex",
              "label": "Block this Member",
              "onClick": [Function],
            },
          ]
        }
      />
      <Icon
        data-stylename="action-icon-button"
        name="Facebook"
        onClick={[Function]}
      />
      <Icon
        data-stylename="action-icon-button"
        name="LinkedIn"
        onClick={[Function]}
      />
      <Icon
        data-stylename="action-icon-button"
        name="Twitter"
        onClick={[Function]}
      />
      <Icon
        data-stylename="action-icon-button"
        name="Public"
        onClick={[Function]}
      />
    </div>
    <div
      data-stylename="tagline"
    >
      I like wombats.
    </div>
    <div
      data-stylename="member-details"
    >
      <div
        data-stylename="profile-subhead"
      >
        Skills & Interests
      </div>
      <Connect(SkillsSection)
        editable={false}
        personId="1"
      />
    </div>
  </div>
  <div
    data-stylename="content"
  >
    <div
      data-stylename="content-controls"
    >
      <h2
        data-stylename="content-header"
      >
        Rich's recent activity
      </h2>
      <Dropdown
        data-stylename="content-dropdown"
        items={
          Array [
            Object {
              "component": [Function],
              "label": "Overview",
              "onClick": [Function],
              "title": "Rich's recent activity",
            },
            Object {
              "component": [Function],
              "label": "Posts",
              "onClick": [Function],
              "title": "Rich's posts",
            },
            Object {
              "component": [Function],
              "label": "Comments",
              "onClick": [Function],
              "title": "Rich's comments",
            },
            Object {
              "component": [Function],
              "label": "Upvotes",
              "onClick": [Function],
              "title": "Rich's upvotes",
            },
          ]
        }
        toggleChildren={
          <span>
            Overview
             
            <Icon
              data-stylename="content-dropdown-icon"
              name="ArrowDown"
            />
          </span>
        }
      />
    </div>
    <Connect(RecentActivity)
      routeParams={
        Object {
          "personId": "1",
        }
      }
    />
  </div>
</div>
`;
