// Jest Snapshot v1, https://goo.gl/fbAQLP

exports[`renders a redirect if you can not moderate 1`] = `
<DocumentFragment>
  <div
    class="loading"
    data-testid="loading-container"
  >
    <div
      aria-label="loading"
      class="loadingIndicator"
      data-testid="loading-indicator"
    >
      <svg
        aria-label="loading"
        height="40px"
        role="img"
        version="1.1"
        viewBox="0 0 50 50"
        width="40px"
        x="0px"
        y="0px"
      >
        <path
          d="M25.251,6.461c-10.318,0-18.683,8.365-18.683,18.683h4.068c0-8.071,6.543-14.615,14.615-14.615V6.461z"
          fill="#000"
        >
          <animatetransform
            attributeName="transform"
            attributeType="xml"
            dur="0.6s"
            from="0 25 25"
            repeatCount="indefinite"
            to="360 25 25"
            type="rotate"
          />
        </path>
      </svg>
    </div>
  </div>
</DocumentFragment>
`;

exports[`renders correctly with a group 1`] = `
<DocumentFragment>
  <div
    class="loading"
    data-testid="loading-container"
  >
    <div
      aria-label="loading"
      class="loadingIndicator"
      data-testid="loading-indicator"
    >
      <svg
        aria-label="loading"
        height="40px"
        role="img"
        version="1.1"
        viewBox="0 0 50 50"
        width="40px"
        x="0px"
        y="0px"
      >
        <path
          d="M25.251,6.461c-10.318,0-18.683,8.365-18.683,18.683h4.068c0-8.071,6.543-14.615,14.615-14.615V6.461z"
          fill="#000"
        >
          <animatetransform
            attributeName="transform"
            attributeType="xml"
            dur="0.6s"
            from="0 25 25"
            repeatCount="indefinite"
            to="360 25 25"
            type="rotate"
          />
        </path>
      </svg>
    </div>
  </div>
</DocumentFragment>
`;

exports[`renders correctly with no group 1`] = `
<DocumentFragment>
  <div
    class="loading"
    data-testid="loading-container"
  >
    <div
      aria-label="loading"
      class="loadingIndicator"
      data-testid="loading-indicator"
    >
      <svg
        aria-label="loading"
        height="40px"
        role="img"
        version="1.1"
        viewBox="0 0 50 50"
        width="40px"
        x="0px"
        y="0px"
      >
        <path
          d="M25.251,6.461c-10.318,0-18.683,8.365-18.683,18.683h4.068c0-8.071,6.543-14.615,14.615-14.615V6.461z"
          fill="#000"
        >
          <animatetransform
            attributeName="transform"
            attributeType="xml"
            dur="0.6s"
            from="0 25 25"
            repeatCount="indefinite"
            to="360 25 25"
            type="rotate"
          />
        </path>
      </svg>
    </div>
  </div>
</DocumentFragment>
`;
