// Jest Snapshot v1, https://goo.gl/fbAQLP

exports[`Header should match the latest snapshot 1`] = `
<div
  data-stylename="header"
  id="thread-header"
>
  <Link
    data-stylename="close-thread"
    to="/messages"
  >
    <Icon
      name="ArrowForward"
    />
  </Link>
  <div
    data-stylename="header-text"
  >
    one, two, three
  </div>
</div>
`;
