// Jest Snapshot v1, https://goo.gl/fbAQLP

exports[`BlockedUsersTab renders a list of UnBlockUserControls 1`] = `
<div>
  <UnBlockUserControl
    blockedUser={
      Object {
        "id": 1,
      }
    }
    key="1"
  />
  <UnBlockUserControl
    blockedUser={
      Object {
        "id": 2,
      }
    }
    key="2"
  />
  <UnBlockUserControl
    blockedUser={
      Object {
        "id": 3,
      }
    }
    key="3"
  />
  <UnBlockUserControl
    blockedUser={
      Object {
        "id": 4,
      }
    }
    key="4"
  />
</div>
`;
