// Jest Snapshot v1, https://goo.gl/fbAQLP

exports[`RemovableListItem does not render as links when no URL specified 1`] = `
<div
  data-stylename="item"
>
  <RoundImage
    data-stylename="avatar"
    medium={true}
    url="zeus.png"
  />
  <span>
    Zeus
  </span>
  <span
    className="remove-button"
    data-stylename="remove-button"
    onClick={[Function]}
  >
    Remove
  </span>
</div>
`;
