// Jest Snapshot v1, https://goo.gl/fbAQLP

exports[`renders a redirect if you can not moderate 1`] = `
<Redirect
  to="/c/foo"
/>
`;

exports[`renders correctly with a group 1`] = `
<withRouter(Connect(FullPageModal))
  content={
    Array [
      Object {
        "component": <GroupSettingsTab
          group={
            Object {
              "id": 1,
              "name": "Foomunity",
              "slug": "foo",
            }
          }
        />,
        "name": "Settings",
        "path": "/c/foo/settings",
      },
      Object {
<<<<<<< HEAD:src/routes/GroupSettings/__snapshots__/GroupSettings.test.js.snap
        "component": <Connect(ModeratorsSettingsTab)
          groupId={1}
=======
        "component": <Memo(Connect(ModeratorsSettingsTab))
          communityId={1}
>>>>>>> dev:src/routes/CommunitySettings/__snapshots__/CommunitySettings.test.js.snap
          slug="foo"
        />,
        "name": "Moderators",
        "path": "/c/foo/settings/moderators",
      },
      Object {
<<<<<<< HEAD:src/routes/GroupSettings/__snapshots__/GroupSettings.test.js.snap
        "component": <Connect(TopicsSettingsTab)
          group={
=======
        "component": <Memo(Connect(TopicsSettingsTab))
          community={
>>>>>>> dev:src/routes/CommunitySettings/__snapshots__/CommunitySettings.test.js.snap
            Object {
              "id": 1,
              "name": "Foomunity",
              "slug": "foo",
            }
          }
        />,
        "name": "Topics",
        "path": "/c/foo/settings/topics",
      },
      Object {
<<<<<<< HEAD:src/routes/GroupSettings/__snapshots__/GroupSettings.test.js.snap
        "component": <Connect(InviteSettingsTab)
          group={
=======
        "component": <Memo(Connect(InviteSettingsTab))
          community={
>>>>>>> dev:src/routes/CommunitySettings/__snapshots__/CommunitySettings.test.js.snap
            Object {
              "id": 1,
              "name": "Foomunity",
              "slug": "foo",
            }
          }
        />,
        "name": "Invite",
        "path": "/c/foo/settings/invite",
      },
      Object {
<<<<<<< HEAD:src/routes/GroupSettings/__snapshots__/GroupSettings.test.js.snap
        "component": <Connect(MembershipRequestsTab)
          group={
=======
        "component": <Memo(Connect(MembershipRequestsTab))
          community={
>>>>>>> dev:src/routes/CommunitySettings/__snapshots__/CommunitySettings.test.js.snap
            Object {
              "id": 1,
              "name": "Foomunity",
              "slug": "foo",
            }
          }
        />,
        "name": "Join Requests",
        "path": "/c/foo/settings/requests",
      },
      Object {
        "component": <ImportExportSettingsTab
          group={
            Object {
              "id": 1,
              "name": "Foomunity",
              "slug": "foo",
            }
          }
        />,
        "name": "",
        "path": "/c/foo/settings/import",
      },
      Object {
        "component": <DeleteSettingsTab
          group={
            Object {
              "id": 1,
              "name": "Foomunity",
              "slug": "foo",
            }
          }
        />,
        "name": "Delete",
        "path": "/c/foo/settings/delete",
      },
    ]
  }
  goToOnClose="/c/foo"
/>
`;

exports[`renders correctly with no group 1`] = `<Loading />`;
