// Jest Snapshot v1, https://goo.gl/fbAQLP

exports[`mapDispatchToProps  1`] = `
Object {
  "editPost": [Function],
  "reactOnPost": [Function],
  "removeReactOnPost": [Function],
  "respondToEvent": [Function],
  "showDetails": [Function],
}
`;
