// Jest Snapshot v1, https://goo.gl/fbAQLP

exports[`shows NotFound if a currentUser is loaded and the group does not exist 1`] = `<withRouter(Connect(NotFound)) />`;

exports[`shows nothing for a group route if the group and currentUser are not loaded 1`] = `
<div
  data-stylename="container"
>
  <Loading
    type="loading-fullscreen"
  />
</div>
`;
