// Jest Snapshot v1, https://goo.gl/fbAQLP

exports[`matches the last snapshot for createTopic 1`] = `
Object {
  "graphql": Object {
    "query": "mutation ($topicName: String, $communityId: ID, $isDefault: Boolean, $isSubscribing: Boolean) {
        createTopic(topicName: $topicName, communityId: $communityId, isDefault: $isDefault, isSubscribing: $isSubscribing) {
          id
          name
          communityTopics {
            items {
              id
              community {
                id
                slug
              }
              isDefault
              isSubscribed
              newPostCount
              postsTotal
              followersTotal
              visibility
            }
          }
          followersTotal
          postsTotal
        }
      }",
    "variables": Object {
      "communityId": "1",
      "isDefault": false,
      "isSubscribing": false,
      "topicName": "wombats",
    },
  },
  "meta": Object {
    "analytics": "Topic Created",
    "data": Object {
      "communityId": "1",
      "isDefault": false,
      "topicName": "wombats",
    },
    "extractModel": Array [
      Object {
        "getRoot": [Function],
        "modelName": "Topic",
      },
      Object {
        "getRoot": [Function],
        "modelName": "CommunityTopic",
      },
    ],
  },
  "type": "CreateTopic/CREATE_TOPIC",
}
`;

exports[`matches the last snapshot for fetchCommunityTopic 1`] = `
Object {
  "graphql": Object {
    "query": "query ($topicName: String, $communitySlug: String) {
        communityTopic(communitySlug: $communitySlug, topicName: $topicName) {
          id
        }
      }",
    "variables": Object {
      "communitySlug": "wombat-community",
      "topicName": "wombats",
    },
  },
  "meta": Object {
    "communitySlug": "wombat-community",
    "topicName": "wombats",
  },
  "type": "CreateTopic/FETCH_COMMUNITY_TOPIC",
}
`;
