// Jest Snapshot v1, https://goo.gl/fbAQLP

exports[`shows NotFound if a currentUser is loaded and the group does not exist 1`] = `
<Div100vh
  data-stylename="container"
>
  <RedirectRoute
    exact={true}
    key="/:context(public|all)/p/:postId"
    path="/:context(public|all)/p/:postId"
    to="/:context/post/:postId"
  />
  <RedirectRoute
    exact={true}
    key="/:context(public|all)/project"
    path="/:context(public|all)/project"
    to="/:context/projects"
  />
  <RedirectRoute
    exact={true}
    key="/:context(public|all)/event"
    path="/:context(public|all)/event"
    to="/:context/events"
  />
  <RedirectRoute
    exact={true}
    key="/p/:postId"
    path="/p/:postId"
    to="/all/post/:postId"
  />
  <RedirectRoute
    exact={true}
    key="/m/:personId"
    path="/m/:personId"
    to="/all/members/:personId"
  />
  <RedirectRoute
    exact={true}
    key="/m/:personId/p/:postId"
    path="/m/:personId/p/:postId"
    to="/all/members/:personId/post/:postId"
  />
  <RedirectRoute
    exact={true}
    key="/all/m/:personId"
    path="/all/m/:personId"
    to="/all/members/:personId"
  />
  <RedirectRoute
    exact={true}
    key="/all/m/:personId/p/:postId"
    path="/all/m/:personId/p/:postId"
    to="/all/members/:personId/post/:postId"
  />
  <RedirectRoute
    exact={true}
    key="/(c|n)/:groupSlug/join/:accessCode"
    path="/(c|n)/:groupSlug/join/:accessCode"
    to="/groups/:groupSlug/join/:accessCode"
  />
  <RedirectRoute
    exact={true}
    key="/(c|n)/:groupSlug/"
    path="/(c|n)/:groupSlug/"
    to="/groups/:groupSlug/"
  />
  <RedirectRoute
    exact={true}
    key="/(c|n)/:groupSlug/event"
    path="/(c|n)/:groupSlug/event"
    to="/groups/:groupSlug/events"
  />
  <RedirectRoute
    exact={true}
    key="/(c|n)/:groupSlug/event/:postId"
    path="/(c|n)/:groupSlug/event/:postId"
    to="/groups/:groupSlug/events/post/:postId"
  />
  <RedirectRoute
    exact={true}
    key="/(c|n)/:groupSlug/project"
    path="/(c|n)/:groupSlug/project"
    to="/groups/:groupSlug/projects"
  />
  <RedirectRoute
    exact={true}
    key="/(c|n)/:groupSlug/project/:postId"
    path="/(c|n)/:groupSlug/project/:postId"
    to="/groups/:groupSlug/projects/post/:postId"
  />
  <RedirectRoute
    exact={true}
    key="/(c|n)/:groupSlug/:view(members|map|settings|topics)"
    path="/(c|n)/:groupSlug/:view(members|map|settings|topics)"
    to="/groups/:groupSlug/:view"
  />
  <RedirectRoute
    exact={true}
    key="/(c|n)/:groupSlug/map/p/:postId"
    path="/(c|n)/:groupSlug/map/p/:postId"
    to="/groups/:groupSlug/map/post/:postId"
  />
  <RedirectRoute
    exact={true}
    key="/(c|n)/:groupSlug/p/:postId"
    path="/(c|n)/:groupSlug/p/:postId"
    to="/groups/:groupSlug/post/:postId"
  />
  <RedirectRoute
    exact={true}
    key="/groups/:groupSlug/p/:postId"
    path="/groups/:groupSlug/p/:postId"
    to="/groups/:groupSlug/post/:postId"
  />
  <RedirectRoute
    exact={true}
    key="/(c|n)/:groupSlug/m/:personId"
    path="/(c|n)/:groupSlug/m/:personId"
    to="/groups/:groupSlug/members/:personId"
  />
  <RedirectRoute
    exact={true}
    key="/(c|n)/:groupSlug/m/:personId/p/:postId"
    path="/(c|n)/:groupSlug/m/:personId/p/:postId"
    to="/groups/:groupSlug/members/:personId/post/:postId"
  />
  <RedirectRoute
    exact={true}
    key="/(c|n)/:groupSlug/:topicName"
    path="/(c|n)/:groupSlug/:topicName"
    to="/groups/:groupSlug/topics/:topicName"
  />
  <RedirectRoute
    exact={true}
    key="/(c|n)/:groupSlug/:topicName/p/:postId"
    path="/(c|n)/:groupSlug/:topicName/p/:postId"
    to="/groups/:groupSlug/topics/:topicName/post/:postId"
  />
  <RedirectRoute
    exact={true}
    key="/all/(members|settings)"
    path="/all/(members|settings)"
    to="/all"
  />
  <RedirectRoute
    exact={true}
    key="/public/(members|topics|settings)"
    path="/public/(members|topics|settings)"
    to="/public"
  />
  <Route
    path="/:context(all|public|groups)"
    render={[Function]}
  />
  <Route
    component={[Function]}
  />
  <Connect(TopNav)
    currentUser={
      Object {
        "hasRegistered": true,
      }
    }
    data-stylename="top"
    onClick={[Function]}
    routeParams={
      Object {
        "view": "",
      }
    }
  />
  <Route
    component={[Function]}
    path={
      Array [
        "/:context(groups)/:groupSlug/(.*)/create",
        "/:context(groups)/:groupSlug/create",
        "/:context(public|all)/(.*)/create",
        "/:context(public|all)/create",
        "(.*)/:detail(post)/:postId(\\\\d+)/:action(edit)",
      ]
    }
  />
  <div
    data-stylename="main"
    onClick={[Function]}
  >
    <Route
      component={[Function]}
      path={
        Array [
          "/:context(groups)/:groupSlug/:view?",
          "/:context(all|public)/:view?",
        ]
      }
    />
    <Div100vh
      data-stylename="center"
      id="center-column"
    >
      <Switch>
        <Route
          component={[Function]}
          path="/welcome"
        />
        <Route
          path="/:view(members)/:personId/:detail(post)?/:postId(\\\\d+)?/:action(new|edit)?"
          render={[Function]}
        />
        <Route
          component={
            Object {
              "$$typeof": Symbol(react.memo),
              "WrappedComponent": [Function],
              "compare": null,
              "displayName": "Connect(MemberProfile)",
              "type": [Function],
            }
          }
          path="/:context(all)/:view(members)/:personId/:detail(post)?/:postId(\\\\d+)?/:action(new|edit)?"
        />
        <Route
          component={
            Object {
              "$$typeof": Symbol(react.memo),
              "WrappedComponent": [Function],
              "compare": null,
              "displayName": "Connect(Stream)",
              "type": [Function],
            }
          }
          path="/:context(all|public)/:view(stream)/:detail(post)?/:postId(\\\\d+)?/:action(new|edit)?"
        />
        <Route
          component={
            Object {
              "$$typeof": Symbol(react.memo),
              "WrappedComponent": [Function],
              "compare": null,
              "displayName": "Connect(Feed)",
              "type": [Function],
            }
          }
          path="/:context(all|public)/:view(projects)/:detail(post)?/:postId(\\\\d+)?/:action(new|edit)?"
        />
        <Route
          component={
            Object {
              "$$typeof": Symbol(react.memo),
              "WrappedComponent": [Function],
              "compare": null,
              "displayName": "Connect(Events)",
              "type": [Function],
            }
          }
          path="/:context(all|public)/:view(events)/:detail(post)?/:postId(\\\\d+)?/:action(new|edit)?"
        />
        <Route
          component={
            Object {
              "$$typeof": Symbol(react.memo),
              "WrappedComponent": [Function],
              "compare": null,
              "displayName": "Connect(MapExplorer)",
              "type": [Function],
            }
          }
          path="/:context(all|public)/:view(map)/:detail(post)?/:postId(\\\\d+)?/:action(new|edit)?"
        />
        <Route
          component={
            Object {
              "$$typeof": Symbol(react.memo),
              "WrappedComponent": [Function],
              "compare": null,
              "displayName": "Connect(MapExplorer)",
              "type": [Function],
            }
          }
          path="/:context(all|public)/:view(map)/:detail(group)?/(:detailGroupSlug)?"
        />
        <Route
          component={[Function]}
          path="/:context(public)/:view(groups)/:detail(group)?/(:detailGroupSlug)?"
        />
        <Route
          component={
            Object {
              "$$typeof": Symbol(react.memo),
              "WrappedComponent": [Function],
              "compare": null,
              "displayName": "Connect(Feed)",
              "type": [Function],
            }
          }
          path="/:context(all|public)/:view(topics)/:topicName"
        />
        <Route
          component={
            Object {
              "$$typeof": Symbol(react.memo),
              "WrappedComponent": [Function],
              "compare": null,
              "displayName": "Connect(AllTopics)",
              "type": [Function],
            }
          }
          path="/:context(all)/:view(topics)"
        />
        <Route
          component={
            Object {
              "$$typeof": Symbol(react.memo),
              "WrappedComponent": [Function],
              "compare": null,
              "displayName": "Connect(Stream)",
              "type": [Function],
            }
          }
          path="/:context(all|public)/:detail(post)?/:postId(\\\\d+)?/:action(new|edit)?"
        />
        <Route
          component={[Function]}
          path={
            Array [
              "/:context(groups)/:groupSlug/join/:accessCode",
              "/h/use-invitation",
            ]
          }
        />
        <Route
          component={
            Object {
              "$$typeof": Symbol(react.memo),
              "WrappedComponent": [Function],
              "compare": null,
              "displayName": "Connect(MapExplorer)",
              "type": [Function],
            }
          }
          path="/:context(groups)/:groupSlug/:view(map)/:detail(post)?/:postId(\\\\d+)?/:action(new|edit)?"
        />
        <Route
          component={
            Object {
              "$$typeof": Symbol(react.memo),
              "WrappedComponent": [Function],
              "compare": null,
              "displayName": "Connect(MapExplorer)",
              "type": [Function],
            }
          }
          path="/:context(groups)/:groupSlug/:view(map)/:detail(group)?/(:detailGroupSlug)?"
        />
        <Route
          component={
            Object {
              "$$typeof": Symbol(react.memo),
              "WrappedComponent": [Function],
              "compare": null,
              "displayName": "Connect(Stream)",
              "type": [Function],
            }
          }
          path="/:context(groups)/:groupSlug/:view(stream)/:detail(post)?/:postId(\\\\d+)?/:action(new|edit)?"
        />
        <Route
          component={
            Object {
              "$$typeof": Symbol(react.memo),
              "WrappedComponent": [Function],
              "compare": null,
              "displayName": "Connect(LandingPage)",
              "type": [Function],
            }
          }
          exact={true}
          path="/:context(groups)/:groupSlug/:view(explore)/:detail(group)/:detailGroupSlug"
        />
        <Route
          component={
            Object {
              "$$typeof": Symbol(react.memo),
              "WrappedComponent": [Function],
              "compare": null,
              "displayName": "Connect(LandingPage)",
              "type": [Function],
            }
          }
          path="/:context(groups)/:groupSlug/:view(explore)/:detail(post)?/:postId(\\\\d+)?/:action(new|edit)?"
        />
        <Route
          component={
            Object {
              "$$typeof": Symbol(react.memo),
              "WrappedComponent": [Function],
              "compare": null,
              "displayName": "Connect(Feed)",
              "type": [Function],
            }
          }
          path="/:context(groups)/:groupSlug/:view(projects)/:detail(post)?/:postId(\\\\d+)?/:action(new|edit)?"
        />
        <Route
          component={
            Object {
              "$$typeof": Symbol(react.memo),
              "WrappedComponent": [Function],
              "compare": null,
              "displayName": "Connect(Events)",
              "type": [Function],
            }
          }
          path="/:context(groups)/:groupSlug/:view(events)/:detail(post)?/:postId(\\\\d+)?/:action(new|edit)?"
        />
        <Route
          component={
            Object {
              "$$typeof": Symbol(react.memo),
              "WrappedComponent": [Function],
              "compare": null,
              "displayName": "Connect(Groups)",
              "type": [Function],
            }
          }
          path="/:context(groups)/:groupSlug/:view(groups)"
        />
        <Route
          component={
            Object {
              "$$typeof": Symbol(react.memo),
              "WrappedComponent": [Function],
              "compare": null,
              "displayName": "Connect(Members)",
              "type": [Function],
            }
          }
          path="/:context(groups)/:groupSlug/:view(members)/create"
        />
        <Route
          component={
            Object {
              "$$typeof": Symbol(react.memo),
              "WrappedComponent": [Function],
              "compare": null,
              "displayName": "Connect(MemberProfile)",
              "type": [Function],
            }
          }
          path="/:context(groups)/:groupSlug/:view(members)/:personId/:detail(post)?/:postId(\\\\d+)?/:action(new|edit)?"
        />
        <Route
          component={
            Object {
              "$$typeof": Symbol(react.memo),
              "WrappedComponent": [Function],
              "compare": null,
              "displayName": "Connect(Members)",
              "type": [Function],
            }
          }
          path="/:context(groups)/:groupSlug/:view(members)"
        />
        <Route
          component={
            Object {
              "$$typeof": Symbol(react.memo),
              "WrappedComponent": [Function],
              "compare": null,
              "displayName": "Connect(Feed)",
              "type": [Function],
            }
          }
          path="/:context(groups)/:groupSlug/:view(topics)/:topicName/:detail(post)?/:postId(\\\\d+)?/:action(new|edit)?"
        />
        <Route
          component={
            Object {
              "$$typeof": Symbol(react.memo),
              "WrappedComponent": [Function],
              "compare": null,
              "displayName": "Connect(AllTopics)",
              "type": [Function],
            }
          }
          path="/:context(groups)/:groupSlug/:view(topics)"
        />
        <Route
          component={
            Object {
              "$$typeof": Symbol(react.memo),
              "WrappedComponent": [Function],
              "compare": null,
              "displayName": "Connect(GroupSettings)",
              "type": [Function],
            }
          }
          path="/:context(groups)/:groupSlug/:view(settings)"
        />
        <Route
          component={
            Object {
              "$$typeof": Symbol(react.memo),
              "WrappedComponent": [Function],
              "compare": null,
              "displayName": "Connect(Stream)",
              "type": [Function],
            }
          }
          exact={true}
          path="/:context(groups)/:groupSlug/:detail(post)/:postId(\\\\d+)/:action(edit)?"
        />
        <Route
          component={
            Object {
              "$$typeof": Symbol(react.memo),
              "WrappedComponent": [Function],
              "compare": null,
              "displayName": "Connect(Stream)",
              "type": [Function],
            }
          }
          path="/:context(groups)/:groupSlug"
        />
        <Route
          path="/messages/:messageThreadId?"
          render={[Function]}
        />
        <Route
          component={
            Object {
              "$$typeof": Symbol(react.memo),
              "WrappedComponent": [Function],
              "compare": null,
              "displayName": "Connect(UserSettings)",
              "type": [Function],
            }
          }
          path="/settings"
        />
        <Route
          component={
            Object {
              "$$typeof": Symbol(react.memo),
              "WrappedComponent": [Function],
              "compare": null,
              "displayName": "Connect(Search)",
              "type": [Function],
            }
          }
          path="/search"
        />
        <Redirect
          to="/all"
        />
      </Switch>
    </Div100vh>
    <div
      data-stylename="detail hidden"
      id="detail-column"
    >
      <Switch>
        <Route
          component={
            Object {
              "$$typeof": Symbol(react.memo),
              "WrappedComponent": [Function],
              "compare": null,
              "displayName": "Connect(PostDetail)",
              "type": [Function],
            }
          }
          key="/:context(all|public)/:view(events|explore|map|projects|stream)/:detail(post)/:postId(\\\\d+)/:action(edit)?"
          path="/:context(all|public)/:view(events|explore|map|projects|stream)/:detail(post)/:postId(\\\\d+)/:action(edit)?"
        />
        <Route
          component={
            Object {
              "$$typeof": Symbol(react.memo),
              "WrappedComponent": [Function],
              "compare": null,
              "displayName": "Connect(GroupDetail)",
              "type": [Function],
            }
          }
          key="/:context(all|public)/:view(map)/:detail(group)/:detailGroupSlug"
          path="/:context(all|public)/:view(map)/:detail(group)/:detailGroupSlug"
        />
        <Route
          component={
            Object {
              "$$typeof": Symbol(react.memo),
              "WrappedComponent": [Function],
              "compare": null,
              "displayName": "Connect(GroupDetail)",
              "type": [Function],
            }
          }
          key="/:context(public)/:view(groups)/:detail(group)/:detailGroupSlug"
          path="/:context(public)/:view(groups)/:detail(group)/:detailGroupSlug"
        />
        <Route
          component={
            Object {
              "$$typeof": Symbol(react.memo),
              "WrappedComponent": [Function],
              "compare": null,
              "displayName": "Connect(PostDetail)",
              "type": [Function],
            }
          }
          key="/:context(all)/:view(members)/:personId/:detail(post)/:postId(\\\\d+)/:action(edit)?"
          path="/:context(all)/:view(members)/:personId/:detail(post)/:postId(\\\\d+)/:action(edit)?"
        />
        <Route
          component={
            Object {
              "$$typeof": Symbol(react.memo),
              "WrappedComponent": [Function],
              "compare": null,
              "displayName": "Connect(PostDetail)",
              "type": [Function],
            }
          }
          key="/:context(all|public)/:detail(post)/:postId(\\\\d+)/:action(edit)?"
          path="/:context(all|public)/:detail(post)/:postId(\\\\d+)/:action(edit)?"
        />
        <Route
          component={
            Object {
              "$$typeof": Symbol(react.memo),
              "WrappedComponent": [Function],
              "compare": null,
              "displayName": "Connect(PostDetail)",
              "type": [Function],
            }
          }
          key="/:context(groups)/:groupSlug/:view(events|explore|map|projects|stream)/:detail(post)/:postId(\\\\d+)/:action(edit)?"
          path="/:context(groups)/:groupSlug/:view(events|explore|map|projects|stream)/:detail(post)/:postId(\\\\d+)/:action(edit)?"
        />
        <Route
          component={
            Object {
              "$$typeof": Symbol(react.memo),
              "WrappedComponent": [Function],
              "compare": null,
              "displayName": "Connect(PostDetail)",
              "type": [Function],
            }
          }
          key="/:context(groups)/:groupSlug/:view(members)/:personId/:detail(post)/:postId(\\\\d+)/:action(edit)?"
          path="/:context(groups)/:groupSlug/:view(members)/:personId/:detail(post)/:postId(\\\\d+)/:action(edit)?"
        />
        <Route
          component={
            Object {
              "$$typeof": Symbol(react.memo),
              "WrappedComponent": [Function],
              "compare": null,
              "displayName": "Connect(GroupDetail)",
              "type": [Function],
            }
          }
          key="/:context(groups)/:groupSlug/:view(explore|map|groups)/:detail(group)/:detailGroupSlug"
          path="/:context(groups)/:groupSlug/:view(explore|map|groups)/:detail(group)/:detailGroupSlug"
        />
        <Route
          component={
            Object {
              "$$typeof": Symbol(react.memo),
              "WrappedComponent": [Function],
              "compare": null,
              "displayName": "Connect(PostDetail)",
              "type": [Function],
            }
          }
          key="/:context(groups)/:groupSlug/:view(topics)/:topicName/:detail(post)/:postId(\\\\d+)/:action(edit)?"
          path="/:context(groups)/:groupSlug/:view(topics)/:topicName/:detail(post)/:postId(\\\\d+)/:action(edit)?"
        />
        <Route
          component={
            Object {
              "$$typeof": Symbol(react.memo),
              "WrappedComponent": [Function],
              "compare": null,
              "displayName": "Connect(PostDetail)",
              "type": [Function],
            }
          }
          key="/:context(groups)/:groupSlug/:detail(post)/:postId(\\\\d+)/:action(edit)?"
          path="/:context(groups)/:groupSlug/:detail(post)/:postId(\\\\d+)/:action(edit)?"
        />
        <Route
          component={
            Object {
              "$$typeof": Symbol(react.memo),
              "WrappedComponent": [Function],
              "compare": null,
              "displayName": "Connect(GroupDetail)",
              "type": [Function],
            }
          }
          key="/:context(groups)/:groupSlug/:detail(group)/:detailGroupSlug"
          path="/:context(groups)/:groupSlug/:detail(group)/:detailGroupSlug"
        />
        <Route
          component={
            Object {
              "$$typeof": Symbol(react.memo),
              "WrappedComponent": [Function],
              "compare": null,
              "displayName": "Connect(PostDetail)",
              "type": [Function],
            }
          }
          key="/:view(members)/:personId/:detail(post)/:postId(\\\\d+)/:action(edit)?"
          path="/:view(members)/:personId/:detail(post)/:postId(\\\\d+)/:action(edit)?"
        />
      </Switch>
    </div>
  </div>
  <Connect(SocketListener)
    location={
      Object {
        "pathname": "",
        "search": "",
      }
    }
  />
  <Connect(SocketSubscriber)
    type="group"
  />
  <Intercom
    appID=""
    hide_default_launcher={true}
  />
</Div100vh>
`;

exports[`shows nothing for a group route if the group and currentUser are not loaded 1`] = `
<div
  data-stylename="container"
>
  <Loading
    type="loading-fullscreen"
  />
</div>
`;
