// Jest Snapshot v1, https://goo.gl/fbAQLP

exports[`mergeProps merges all the right props 1`] = `
Object {
  "badge": 1,
  "bar": 2,
  "clearBadge": [Function],
  "clearFeedList": undefined,
  "groupMembership": Object {
    "group": Object {
      "id": 2,
    },
    "id": 77,
  },
  "dropPostResultsMaker": [MockFunction] {
    "calls": Array [
      Array [
        undefined,
      ],
    ],
    "results": Array [
      Object {
        "isThrow": false,
        "value": undefined,
      },
    ],
  },
  "foo": 1,
  "resetNewPostCount": [MockFunction],
}
`;
