// Jest Snapshot v1, https://goo.gl/fbAQLP

exports[`Pill renders 1`] = `
<Pill
  id={1}
  label="mountain climbing"
>
  <div
    data-stylename="pill clickable"
    onClick={[Function]}
    onMouseLeave={[Function]}
  >
    <span
      data-for="pill-label"
      data-stylename="display-label"
      data-tip="Click to Search"
    >
      mountain climbing
    </span>
  </div>
</Pill>
`;

exports[`Pill renders when editable 1`] = `
<Pill
  editable={true}
  id={1}
  label="mountain climbing"
>
  <div
    data-stylename="pill clickable"
    onClick={[Function]}
    onMouseLeave={[Function]}
  >
    <span
      data-for="pill-label"
      data-stylename="display-label"
      data-tip="Click to Search"
    >
      mountain climbing
    </span>
    <Icon
      data-stylename="remove-label"
      dataTip="Double click to delete"
      dataTipFor="pill-label"
      name="Ex"
      onClick={[Function]}
    >
      <span
        className="icon-Ex"
        data-for="pill-label"
        data-stylename="icon"
        data-tip="Double click to delete"
        onClick={[Function]}
      />
    </Icon>
  </div>
</Pill>
`;
