// Jest Snapshot v1, https://goo.gl/fbAQLP

exports[`CreateGroup store should call addGroupDomain 1`] = `
Object {
  "payload": "domain",
  "type": "CreateGroup/ADD_GROUP_DOMAIN",
}
`;

exports[`CreateGroup store should call addGroupName 1`] = `
Object {
  "payload": "name",
  "type": "CreateGroup/ADD_GROUP_NAME",
}
`;

exports[`CreateGroup store should call addGroupPrivacy 1`] = `
Object {
  "payload": "privacy",
  "type": "CreateGroup/ADD_GROUP_PRIVACY",
}
`;

exports[`CreateGroup store should call fetchGroupExists 1`] = `
Object {
  "graphql": Object {
    "query": "
        query ($slug: String) {
          groupExists (slug: $slug) {
            exists
          }
        }
      ",
    "variables": Object {
      "slug": "slug",
    },
  },
  "type": "CreateGroup/FETCH_GROUP_EXISTS",
}
`;
