// Jest Snapshot v1, https://goo.gl/fbAQLP

exports[`TopicSelector renders correctly (with min props) 1`] = `
<Async
  cacheOptions={false}
  classNamePrefix="topic-selector"
  defaultOptions={
    Array [
      Object {
        "label": "Default Topics",
        "options": Array [],
      },
    ]
  }
  filterOption={null}
  formatOptionLabel={[Function]}
  getNewOptionData={[Function]}
  isLoading={false}
  isMulti={true}
  loadOptions={[Function]}
  name="topics"
  noOptionsMessage={[Function]}
  onChange={[Function]}
  placeholder="Enter up to three topics..."
  styles={
    Object {
      "clearIndicator": [Function],
      "container": [Function],
      "control": [Function],
      "dropdownIndicator": [Function],
      "indicatorSeparator": [Function],
      "multiValue": [Function],
      "multiValueRemove": [Function],
      "placeholder": [Function],
    }
  }
  value={Array []}
/>
`;
