// Jest Snapshot v1, https://goo.gl/fbAQLP

exports[`Pillbox renders 1`] = `
<div
  data-stylename="styles.root"
>
  <div
    data-stylename="styles.pill-container"
  >
    <CSSTransitionGroup
      transitionAppear={false}
      transitionEnter={true}
      transitionEnterTimeout={400}
      transitionLeave={true}
      transitionLeaveTimeout={300}
      transitionName={
        Object {
          "enter": undefined,
          "enterActive": undefined,
          "leave": undefined,
          "leaveActive": undefined,
        }
      }
    >
      <Pill
        id={1}
        key="1"
        label="a pill"
      />
      <Pill
        id={2}
        key="2"
        label="another pill"
      />
    </CSSTransitionGroup>
  </div>
  <ReactTooltip
    clickable={false}
    delayShow={500}
    disable={true}
    effect="solid"
    id="pill-label"
    insecure={true}
    place="top"
    resizeHide={true}
    type="dark"
    wrapper="div"
  />
</div>
`;
