// Jest Snapshot v1, https://goo.gl/fbAQLP

exports[`CreateGroupPrompt matches the latest snapshot 1`] = `
<div
  data-stylename="create-group-prompt"
>
  <p>
    There's no posts yet, try starting a group!
  </p>
  <Button
    data-stylename="button"
    label="Create a Group"
    onClick={[MockFunction]}
  />
  <div
    data-stylename="sidebar-image"
    style={
      Object {
        "backgroundImage": "url(/assets/hey-axolotl.png)",
      }
    }
  />
</div>
`;

exports[`Feed with a network it renders a Feed with correct props 1`] = `
<div>
  <FeedBanner
    group={
      Object {
        "id": 2,
      }
    }
    currentUser={true}
    currentUserHasMemberships={true}
    type="request"
  />
  <Connect(Component)
    postTypeFilter="request"
    querystringParams={Object {}}
    routeParams={
      Object {
        "networkSlug": "bar",
      }
    }
    sortBy="votes"
    subject="network"
  />
</div>
`;
